[www.doclab.se/pcr-result/DLcm3b5j.html]
[backblue.gif]
[fade.gif]
[index.html]
[static.wixstatic.com/media/160222_21887bf371174adf87e47c37a3334155_mv2.png/v1/fill/w_32,h_32,lg_1,usm_0.66_1.00_0.01/160222_21887bf371174adf87e47c37a3334155_mv2.png]
[static.parastorage.com/unpkg/core-js-bundle@3.2.1/minified.js]
[polyfill.io/v3/polyfill.mind82c.js]
[static.parastorage.com/unpkg/focus-within-polyfill@5.0.9/dist/focus-within-polyfill.js]
[www.doclab.se/pcr-result/DLcm3b5j.html]
[static.parastorage.com/services/wix-thunderbolt/dist/bootstrap-features.e07f0b3c.chunk.min.js]
[static.parastorage.com/services/wix-thunderbolt/dist/main.cf6f5eb0.chunk.min.js]
[static.parastorage.com/unpkg/lodash@4.17.15/lodash.min.js]
[browser.sentry-cdn.com/5.21.4/bundle.min.js]
[static.parastorage.com/services/wix-thunderbolt/dist/codeEmbed.85f01f7b.chunk.min.js]
[static.parastorage.com/services/wix-thunderbolt/dist/cookiesManager.bc9e38c2.chunk.min.js]
[static.parastorage.com/services/wix-thunderbolt/dist/wix-code-sdk-providers.965d5eb8.chunk.min.js]
[static.parastorage.com/services/wix-thunderbolt/dist/dynamicPages.c73f480e.chunk.min.js]
[static.parastorage.com/services/wix-thunderbolt/dist/multilingual.a55cabd0.chunk.min.js]
[static.parastorage.com/services/wix-thunderbolt/dist/ooi.17bbf472.chunk.min.js]
[static.parastorage.com/services/wix-thunderbolt/dist/popups.352b8a26.chunk.min.js]
[static.parastorage.com/services/wix-thunderbolt/dist/protectedPages.1691b96b.chunk.min.js]
[static.parastorage.com/services/wix-thunderbolt/dist/siteMembers.fd7c3ec4.chunk.min.js]
[static.parastorage.com/services/wix-thunderbolt/dist/siteScrollBlocker.afa7f7ac.chunk.min.js]
[static.parastorage.com/services/wix-thunderbolt/dist/tpaCommons.d653a184.chunk.min.js]
[static.parastorage.com/services/wix-thunderbolt/dist/windowMessageRegistrar.9e149dfb.chunk.min.js]
[static.parastorage.com/services/wix-thunderbolt/dist/platform.acd9800e.chunk.min.js]
[static.parastorage.com/services/wix-thunderbolt/dist/vendors_vendor-react-dom.55674f13.chunk.min.js]
[static.parastorage.com/services/wix-thunderbolt/dist/vendor-react-dom.2eece63e.chunk.min.js]
[static.parastorage.com/services/editor-elements/dist/componentSdks.c65e25a7.bundle.min.js]
[www.doclab.se/pcr-result/dlcm3b5j-2.html]
[static.parastorage.com/services/wix-perf-measure/1.373.0/wix-perf-measure.bundle.min.js]
[static.parastorage.com/services/editor-elements/dist/thunderboltElements.fe54eb55.bundle.min.js]
[static.parastorage.com/services/tag-manager-client/1.282.0/siteTags.bundle.min.js]
[static.parastorage.com/services/wix-thunderbolt/dist/activePopup.58b26c03.chunk.min.js]
[static.parastorage.com/services/wix-thunderbolt/dist/headerPlaceholderHeight.e3cce58a.chunk.min.js]
[static.parastorage.com/services/wix-thunderbolt/dist/imageZoom.aa3092b6.chunk.min.js]
[static.parastorage.com/services/wix-thunderbolt/dist/languageSelector.6f83b86e.chunk.min.js]
[www.doclab.se/pcr-result/dlcm3b5j-2.html]
[static.parastorage.com/services/wix-thunderbolt/dist/ooiTpaSharedConfig.44312ab2.chunk.min.js]
[static.parastorage.com/services/wix-thunderbolt/dist/pageScroll.27878a03.chunk.min.js]
[static.parastorage.com/services/wix-thunderbolt/dist/navigation.d52e35f9.chunk.min.js]
[static.parastorage.com/services/wix-thunderbolt/dist/platformPubsub.09830e4e.chunk.min.js]
[static.parastorage.com/services/wix-thunderbolt/dist/scrollRestoration.e0dfdb21.chunk.min.js]
[static.parastorage.com/services/wix-thunderbolt/dist/scrollToAnchor.265e4abd.chunk.min.js]
[static.parastorage.com/services/wix-thunderbolt/dist/tpa.61d0eb67.chunk.min.js]
[static.parastorage.com/services/wix-thunderbolt/dist/windowScroll.76127738.chunk.min.js]
[static.parastorage.com/services/wix-thunderbolt/dist/landingPage.d5604e3a.chunk.min.js]
[static.parastorage.com/services/wix-thunderbolt/dist/screenIn.faadba01.chunk.min.js]
[static.parastorage.com/services/editor-elements/dist/bootstrap-components-common.942d248e.chunk.min.js]
[static.parastorage.com/services/editor-elements/dist/bootstrap-components-classic.3d88161e.chunk.min.js]
[static.parastorage.com/services/editor-elements/dist/LanguageSelector.170bac46.chunk.min.js]
[static.parastorage.com/services/editor-elements/dist/bootstrap-components-responsive.fc58a9a3.chunk.min.js]
[static.parastorage.com/services/editor-elements/dist/FiveGridLine_SolidLine.ece5449d.chunk.min.js]
[static.parastorage.com/services/editor-elements/dist/Container_DefaultAreaSkin.35ebff57.chunk.min.js]
[static.wixstatic.com/media/160222_1a1e36328b4c4839a44d63bc0c7c72fe_mv2.png/v1/fill/w_480,h_320,al_c,usm_0.66_1.00_0.01,blur_2/160222_1a1e36328b4c4839a44d63bc0c7c72fe_mv2.png]
[static.wixstatic.com/media/160222_7b646b0e366b4eb1b4aea14501fe537b_mv2.png/v1/fill/w_194,h_48,al_c,usm_0.66_1.00_0.01,blur_3/Untitled design.png]
[static.wixstatic.com/media/160222_388977606f2647609176000f5ed6975b_mv2.png/v1/fill/w_48,h_48,al_c,usm_0.66_1.00_0.01,blur_3/Logo_small.png]
[static.parastorage.com/services/wix-thunderbolt/dist/tpa-components.a209a60a.chunk.min.js]
